// Jest Snapshot v1, https://goo.gl/fbAQLP

exports[`pokemonPicture component debe de hacer match con el snapshot 1`] = `
<div>
  <div class="pokemon-container"><img src="https://raw.githubusercontent.com/PokeAPI/sprites/master/sprites/pokemon/other/dream-world/1.svg" class="hidden-pokemon" alt="Pokemon"></div>
</div>
`;
