// Jest Snapshot v1, https://goo.gl/fbAQLP

exports[`PokemonOptions component debe hacer match con el snapshot 1`] = `
<div>
  <div class="options-container">
    <ul>
      <li>bulbasaur</li>
      <li>ivysaur</li>
      <li>venusaur</li>
      <li>charmander</li>
    </ul>
  </div>
</div>
`;
